// Jest Snapshot v1, https://goo.gl/fbAQLP

exports[`should render Login correctly 1`] = `
<div
  className="box-layout"
>
  <div
    className="box-layout__box"
  >
    <h1
      className="box-layout__title"
    >
      Expensify
    </h1>
    <p>
      Get your expenses under control.
    </p>
    <h3
      className="login-text"
    >
      Login to continue
    </h3>
    <div
      className="button-container"
    >
      <button
        className="button--login google"
      />
      <button
        className="button--login github"
      />
      <button
        className="button--login facebook"
      />
    </div>
  </div>
</div>
`;
